
===== SnD trace (error) - 2026-08-11 18:20:20 - v0 - 1 of 1 note(s) =====
[18:20:20] [ERROR] SnD: mob difficulty must be 1-5, or 0 to clear it.
===== end of trace =====

===== SnD trace (error) - 2026-08-11 18:20:20 - v0 - 2 of 2 note(s) =====
[18:20:20] [ERROR] SnD: mob difficulty must be 1-5, or 0 to clear it.
[18:20:20] [ERROR] SnD: mob difficulty must be 1-5, or 0 to clear it.
===== end of trace =====

===== SnD trace (error) - 2026-08-11 18:20:20 - v0 - 3 of 3 note(s) =====
[18:20:20] [ERROR] SnD: mob difficulty must be 1-5, or 0 to clear it.
[18:20:20] [ERROR] SnD: mob difficulty must be 1-5, or 0 to clear it.
[18:20:20] [ERROR] SnD: mob difficulty must be a number 0-5 (0 clears it).
===== end of trace =====

===== SnD trace (error) - 2026-08-11 18:20:53 - v0 - 1 of 1 note(s) =====
[18:20:53] [ERROR] SnD: mob difficulty must be 1-5, or 0 to clear it.
===== end of trace =====

===== SnD trace (error) - 2026-08-11 18:20:53 - v0 - 2 of 2 note(s) =====
[18:20:53] [ERROR] SnD: mob difficulty must be 1-5, or 0 to clear it.
[18:20:53] [ERROR] SnD: mob difficulty must be 1-5, or 0 to clear it.
===== end of trace =====

===== SnD trace (error) - 2026-08-11 18:20:53 - v0 - 3 of 3 note(s) =====
[18:20:53] [ERROR] SnD: mob difficulty must be 1-5, or 0 to clear it.
[18:20:53] [ERROR] SnD: mob difficulty must be 1-5, or 0 to clear it.
[18:20:53] [ERROR] SnD: mob difficulty must be a number 0-5 (0 clears it).
===== end of trace =====

===== SnD trace (error) - 2026-08-11 18:28:53 - v0 - 1 of 1 note(s) =====
[18:28:53] [ERROR] SnD: mob difficulty must be 1-5, or 0 to clear it.
===== end of trace =====

===== SnD trace (error) - 2026-08-11 18:28:53 - v0 - 2 of 2 note(s) =====
[18:28:53] [ERROR] SnD: mob difficulty must be 1-5, or 0 to clear it.
[18:28:53] [ERROR] SnD: mob difficulty must be 1-5, or 0 to clear it.
===== end of trace =====

===== SnD trace (error) - 2026-08-11 18:28:53 - v0 - 3 of 3 note(s) =====
[18:28:53] [ERROR] SnD: mob difficulty must be 1-5, or 0 to clear it.
[18:28:53] [ERROR] SnD: mob difficulty must be 1-5, or 0 to clear it.
[18:28:53] [ERROR] SnD: mob difficulty must be a number 0-5 (0 clears it).
===== end of trace =====

===== SnD trace (error) - 2026-08-11 18:29:12 - v0 - 1 of 1 note(s) =====
[18:29:12] [ERROR] SnD: mob difficulty must be 1-5, or 0 to clear it.
===== end of trace =====

===== SnD trace (error) - 2026-08-11 18:29:12 - v0 - 2 of 2 note(s) =====
[18:29:12] [ERROR] SnD: mob difficulty must be 1-5, or 0 to clear it.
[18:29:12] [ERROR] SnD: mob difficulty must be 1-5, or 0 to clear it.
===== end of trace =====

===== SnD trace (error) - 2026-08-11 18:29:12 - v0 - 3 of 3 note(s) =====
[18:29:12] [ERROR] SnD: mob difficulty must be 1-5, or 0 to clear it.
[18:29:12] [ERROR] SnD: mob difficulty must be 1-5, or 0 to clear it.
[18:29:12] [ERROR] SnD: mob difficulty must be a number 0-5 (0 clears it).
===== end of trace =====

===== SnD trace (error) - 2026-08-11 18:46:01 - v0 - 1 of 1 note(s) =====
[18:46:01] [ERROR] SnD: mob difficulty must be 1-5, or 0 to clear it.
===== end of trace =====

===== SnD trace (error) - 2026-08-11 18:46:01 - v0 - 2 of 2 note(s) =====
[18:46:01] [ERROR] SnD: mob difficulty must be 1-5, or 0 to clear it.
[18:46:01] [ERROR] SnD: mob difficulty must be 1-5, or 0 to clear it.
===== end of trace =====

===== SnD trace (error) - 2026-08-11 18:46:01 - v0 - 3 of 3 note(s) =====
[18:46:01] [ERROR] SnD: mob difficulty must be 1-5, or 0 to clear it.
[18:46:01] [ERROR] SnD: mob difficulty must be 1-5, or 0 to clear it.
[18:46:01] [ERROR] SnD: mob difficulty must be a number 0-5 (0 clears it).
===== end of trace =====

===== SnD trace (error) - 2026-08-11 19:01:04 - v0 - 1 of 1 note(s) =====
[19:01:04] [ERROR] SnD: mob difficulty must be 1-5, or 0 to clear it.
===== end of trace =====

===== SnD trace (error) - 2026-08-11 19:01:04 - v0 - 2 of 2 note(s) =====
[19:01:04] [ERROR] SnD: mob difficulty must be 1-5, or 0 to clear it.
[19:01:04] [ERROR] SnD: mob difficulty must be 1-5, or 0 to clear it.
===== end of trace =====

===== SnD trace (error) - 2026-08-11 19:01:04 - v0 - 3 of 3 note(s) =====
[19:01:04] [ERROR] SnD: mob difficulty must be 1-5, or 0 to clear it.
[19:01:04] [ERROR] SnD: mob difficulty must be 1-5, or 0 to clear it.
[19:01:04] [ERROR] SnD: mob difficulty must be a number 0-5 (0 clears it).
===== end of trace =====

===== SnD trace (error) - 2026-08-11 19:01:04 - v0 - 1 of 1 note(s) =====
[19:01:04] [ERROR] SnD: mob_set_difficulty failed: no such table: mob_tags

CODE: 1
QUERY: mob_set_difficulty

===== end of trace =====

===== SnD trace (error) - 2026-08-11 19:01:04 - v0 - 2 of 2 note(s) =====
[19:01:04] [ERROR] SnD: mob_set_difficulty failed: no such table: mob_tags

CODE: 1
QUERY: mob_set_difficulty

[19:01:04] [ERROR] SnD: mob_set_difficulty failed: no such table: mob_tags

CODE: 1
QUERY: mob_set_difficulty

===== end of trace =====

===== SnD trace (error) - 2026-08-11 19:02:11 - v0 - 1 of 1 note(s) =====
[19:02:11] [ERROR] SnD: mob difficulty must be 1-5, or 0 to clear it.
===== end of trace =====

===== SnD trace (error) - 2026-08-11 19:02:11 - v0 - 2 of 2 note(s) =====
[19:02:11] [ERROR] SnD: mob difficulty must be 1-5, or 0 to clear it.
[19:02:11] [ERROR] SnD: mob difficulty must be 1-5, or 0 to clear it.
===== end of trace =====

===== SnD trace (error) - 2026-08-11 19:02:11 - v0 - 3 of 3 note(s) =====
[19:02:11] [ERROR] SnD: mob difficulty must be 1-5, or 0 to clear it.
[19:02:11] [ERROR] SnD: mob difficulty must be 1-5, or 0 to clear it.
[19:02:11] [ERROR] SnD: mob difficulty must be a number 0-5 (0 clears it).
===== end of trace =====

===== SnD trace (error) - 2026-08-11 19:02:25 - v0 - 1 of 1 note(s) =====
[19:02:25] [ERROR] SnD: mob difficulty must be 1-5, or 0 to clear it.
===== end of trace =====

===== SnD trace (error) - 2026-08-11 19:02:25 - v0 - 2 of 2 note(s) =====
[19:02:25] [ERROR] SnD: mob difficulty must be 1-5, or 0 to clear it.
[19:02:25] [ERROR] SnD: mob difficulty must be 1-5, or 0 to clear it.
===== end of trace =====

===== SnD trace (error) - 2026-08-11 19:02:25 - v0 - 3 of 3 note(s) =====
[19:02:25] [ERROR] SnD: mob difficulty must be 1-5, or 0 to clear it.
[19:02:25] [ERROR] SnD: mob difficulty must be 1-5, or 0 to clear it.
[19:02:25] [ERROR] SnD: mob difficulty must be a number 0-5 (0 clears it).
===== end of trace =====

===== SnD trace (error) - 2026-08-11 19:02:30 - v0 - 1 of 1 note(s) =====
[19:02:30] [ERROR] SnD: mob difficulty must be 1-5, or 0 to clear it.
===== end of trace =====

===== SnD trace (error) - 2026-08-11 19:02:30 - v0 - 2 of 2 note(s) =====
[19:02:30] [ERROR] SnD: mob difficulty must be 1-5, or 0 to clear it.
[19:02:30] [ERROR] SnD: mob difficulty must be 1-5, or 0 to clear it.
===== end of trace =====

===== SnD trace (error) - 2026-08-11 19:02:30 - v0 - 3 of 3 note(s) =====
[19:02:30] [ERROR] SnD: mob difficulty must be 1-5, or 0 to clear it.
[19:02:30] [ERROR] SnD: mob difficulty must be 1-5, or 0 to clear it.
[19:02:30] [ERROR] SnD: mob difficulty must be a number 0-5 (0 clears it).
===== end of trace =====

===== SnD trace (error) - 2026-08-11 19:04:02 - v0 - 1 of 1 note(s) =====
[19:04:02] [ERROR] SnD: mob difficulty must be 1-5, or 0 to clear it.
===== end of trace =====

===== SnD trace (error) - 2026-08-11 19:04:02 - v0 - 2 of 2 note(s) =====
[19:04:02] [ERROR] SnD: mob difficulty must be 1-5, or 0 to clear it.
[19:04:02] [ERROR] SnD: mob difficulty must be 1-5, or 0 to clear it.
===== end of trace =====

===== SnD trace (error) - 2026-08-11 19:04:02 - v0 - 3 of 3 note(s) =====
[19:04:02] [ERROR] SnD: mob difficulty must be 1-5, or 0 to clear it.
[19:04:02] [ERROR] SnD: mob difficulty must be 1-5, or 0 to clear it.
[19:04:02] [ERROR] SnD: mob difficulty must be a number 0-5 (0 clears it).
===== end of trace =====

===== SnD trace (error) - 2026-08-11 19:04:08 - v0 - 1 of 1 note(s) =====
[19:04:08] [ERROR] SnD: mob difficulty must be 1-5, or 0 to clear it.
===== end of trace =====

===== SnD trace (error) - 2026-08-11 19:04:08 - v0 - 2 of 2 note(s) =====
[19:04:08] [ERROR] SnD: mob difficulty must be 1-5, or 0 to clear it.
[19:04:08] [ERROR] SnD: mob difficulty must be 1-5, or 0 to clear it.
===== end of trace =====

===== SnD trace (error) - 2026-08-11 19:04:08 - v0 - 3 of 3 note(s) =====
[19:04:08] [ERROR] SnD: mob difficulty must be 1-5, or 0 to clear it.
[19:04:08] [ERROR] SnD: mob difficulty must be 1-5, or 0 to clear it.
[19:04:08] [ERROR] SnD: mob difficulty must be a number 0-5 (0 clears it).
===== end of trace =====

===== SnD trace (error) - 2026-08-12 13:42:15 - v0 - 1 of 1 note(s) =====
[13:42:15] [ERROR] SnD: xset cols: the  Hops  column has no adjustable width.
===== end of trace =====

===== SnD trace (error) - 2026-08-12 13:42:15 - v0 - 1 of 1 note(s) =====
[13:42:15] [ERROR] SnD: xset cols: ' wibble ' is not a column, on, off, or a  width. Columns:  hops, diff, kw, type .
===== end of trace =====

===== SnD trace (error) - 2026-08-12 13:42:15 - v0 - 2 of 2 note(s) =====
[13:42:15] [ERROR] SnD: xset cols: ' wibble ' is not a column, on, off, or a  width. Columns:  hops, diff, kw, type .
[13:42:15] [ERROR] SnD: xset cols: ' wibble ' is not a column, on, off, or a  width. Columns:  hops, diff, kw, type .
===== end of trace =====
